components/dashboard/ExpenseBreakdown.tsx(150,45): error TS2322: Type 'CategoryData[]' is not assignable to type 'ChartDataInput[]'.
  Type 'CategoryData' is not assignable to type 'ChartDataInput'.
    Index signature for type 'string' is missing in type 'CategoryData'.
components/ui/PageTransition.tsx(47,17): error TS2322: Type '{ initial: { opacity: number; y: number; scale: number; }; enter: { opacity: number; y: number; scale: number; transition: { duration: number; ease: number[]; }; }; exit: { opacity: number; y: number; scale: number; transition: { ...; }; }; }' is not assignable to type 'Variants'.
  Property 'enter' is incompatible with index signature.
    Type '{ opacity: number; y: number; scale: number; transition: { duration: number; ease: number[]; }; }' is not assignable to type 'Variant'.
      Type '{ opacity: number; y: number; scale: number; transition: { duration: number; ease: number[]; }; }' is not assignable to type 'TargetAndTransition'.
        Type '{ opacity: number; y: number; scale: number; transition: { duration: number; ease: number[]; }; }' is not assignable to type '{ transition?: Transition<any> | undefined; transitionEnd?: ResolvedValues | undefined; }'.
          Types of property 'transition' are incompatible.
            Type '{ duration: number; ease: number[]; }' is not assignable to type 'Transition<any> | undefined'.
              Type '{ duration: number; ease: number[]; }' is not assignable to type 'TransitionWithValueOverrides<any>'.
                Type '{ duration: number; ease: number[]; }' is not assignable to type 'ValueAnimationTransition<any>'.
                  Types of property 'ease' are incompatible.
                    Type 'number[]' is not assignable to type 'Easing | Easing[] | undefined'.
                      Type 'number[]' is not assignable to type 'EasingFunction | Easing[]'.
                        Type 'number[]' is not assignable to type 'Easing[]'.
                          Type 'number' is not assignable to type 'Easing'.
